// 同步 ID: 74e9fcbc @ Fri Jul 17 15:01:06 UTC 2026
// 同步 ID: 2e5a3e1e @ Fri Jul 17 16:13:53 UTC 2026
// 重构日志: d7c8fd1a
// 重构日志: 677cae87
// 重构日志: 1533bcd3
// 重构日志: 4d0e327a
// 同步 ID: d65ca579 @ Sun Jul 19 16:50:15 UTC 2026
// 同步 ID: 867bc7d6 @ Mon Jul 20 02:00:00 UTC 2026
// 重构日志: 9b874e2b
// 重构日志: 9030396f
// 重构日志: ce402f65
// 重构日志: 6873c8e9
// 重构日志: 94253930
// 重构日志: be8118c2
// 重构日志: d9a52709
// 重构日志: ec8bd393
// 重构日志: e3da98c0
// 同步 ID: 7281c2c6 @ Sat Jul 25 14:55:30 UTC 2026
// 重构日志: afccf0c4
// 重构日志: 5a99d291
// 同步 ID: 8622a561 @ Sun Jul 26 16:56:00 UTC 2026
// 同步 ID: 6f74f0de @ Mon Jul 27 01:40:58 UTC 2026
// 重构日志: 23f633c2
// 重构日志: 466f4dbd
// 重构日志: 3a96e323
// 重构日志: 1c1251b1
// 同步 ID: 69012078 @ Wed Jul 29 01:33:13 UTC 2026
// 重构日志: 9a2054c8
// 重构日志: a2be8740
// 同步 ID: 82e0937e @ Fri Jul 31 11:16:18 UTC 2026
// 重构日志: 1b2d1457
